<?php return array (
  0 => 'Symfony\\Bundle\\FrameworkBundle\\Controller\\Controller',
  1 => 'AppBundle\\Controller\\DefaultController',
  2 => 'Doctrine\\Bundle\\DoctrineBundle\\Controller\\ProfilerController',
  3 => 'FOS\\UserBundle\\Controller\\ChangePasswordController',
  4 => 'FOS\\UserBundle\\Controller\\GroupController',
  5 => 'FOS\\UserBundle\\Controller\\ProfileController',
  6 => 'FOS\\UserBundle\\Controller\\RegistrationController',
  7 => 'FOS\\UserBundle\\Controller\\ResettingController',
  8 => 'FOS\\UserBundle\\Controller\\SecurityController',
  9 => 'Sce\\AdministrationBundle\\Controller\\DefaultController',
  10 => 'Sce\\UserBundle\\Controller\\CommunauteController',
  11 => 'Sce\\UserBundle\\Controller\\DefaultController',
  12 => 'Sce\\UserBundle\\Controller\\DisciplineController',
  13 => 'Sce\\UserBundle\\Controller\\ImageController',
  14 => 'Sce\\UserBundle\\Controller\\JenController',
  15 => 'Sce\\UserBundle\\Controller\\MissionController',
  16 => 'Sce\\UserBundle\\Controller\\UserController',
  17 => 'Sce\\UserBundle\\Entity\\CarteJen',
  18 => 'Sce\\UserBundle\\Entity\\CategorieCarte',
  19 => 'Sce\\UserBundle\\Entity\\Communaute',
  20 => 'Sce\\UserBundle\\Entity\\Discipline',
  21 => 'Sce\\UserBundle\\Entity\\Image',
  22 => 'Sce\\UserBundle\\Entity\\Jen',
  23 => 'Sce\\UserBundle\\Entity\\Mission',
  24 => 'Sce\\UserBundle\\Entity\\QrCode',
  25 => 'Sce\\UserBundle\\Entity\\User',
  27 => 'Symfony\\Bundle\\FrameworkBundle\\Controller\\ControllerNameParser',
  28 => 'Symfony\\Bundle\\FrameworkBundle\\Controller\\ControllerResolver',
  29 => 'Symfony\\Bundle\\FrameworkBundle\\Controller\\RedirectController',
  30 => 'Symfony\\Bundle\\FrameworkBundle\\Controller\\TemplateController',
  31 => 'Symfony\\Bundle\\TwigBundle\\Controller\\ExceptionController',
  32 => 'Symfony\\Bundle\\TwigBundle\\Controller\\PreviewErrorController',
  33 => 'Symfony\\Bundle\\WebProfilerBundle\\Controller\\ExceptionController',
  34 => 'Symfony\\Bundle\\WebProfilerBundle\\Controller\\ProfilerController',
  35 => 'Symfony\\Bundle\\WebProfilerBundle\\Controller\\RouterController',
);